ccin-old|CC1G_05804	OG7_0000191	25.8	515	301	13	24	533	7	445	1.16e-45	169
ccin-old|CC1G_04741	OG7_0000346	25.5	294	178	7	425	704	199	465	8.21e-14	72.8
ccin-old|CC1G_01220	OG7_0000426	36.9	490	231	11	76	564	171	583	3.53e-91	300
ccin-old|CC1G_14783	OG7_0000516	25.8	217	136	11	439	642	186	390	1.26e-06	49.7
ccin-old|CC1G_02351	OG7_0000604	45.2	104	55	2	28	130	3	105	1.28e-25	92.0
ccin-old|CC1G_04741	OG7_0000724	29.7	236	142	9	425	652	494	713	8.46e-16	79.7
ccin-old|CC1G_01399	OG7_0000893	35.3	224	128	5	11	233	7	214	2.94e-44	146
ccin-old|CC1G_06911	OG7_0001044	22.4	192	117	4	386	574	114	276	1.56e-05	46.2
ccin-old|CC1G_03293	OG7_0001183	47.5	99	49	1	13	111	17	112	3.30e-30	113
ccin-old|CC1G_03572	OG7_0001473	34.2	874	511	21	86	945	1558	2381	1.32e-140	462
ccin-old|CC1G_00527	OG7_0001498	33.9	540	344	4	7	536	9	545	6.37e-100	311
ccin-old|CC1G_01566	OG7_0001529	23.2	508	302	21	105	584	92	539	3.72e-10	61.2
ccin-old|CC1G_14381	OG7_0001565	33.7	312	200	2	107	418	37	341	1.01e-50	174
ccin-old|CC1G_14381	OG7_0001985	55.3	374	166	1	52	424	45	418	5.24e-147	424
ccin-old|CC1G_02060	OG7_0001991	33.2	187	123	2	1	186	43	228	2.04e-23	105
ccin-old|CC1G_15079	OG7_0002080	24.5	143	95	2	437	566	124	266	2.97e-09	58.5
ccin-old|CC1G_00359	OG7_0002095	36.3	168	99	4	5	170	3	164	1.01e-23	99.0
ccin-old|CC1G_11854	OG7_0002278	69.2	130	40	0	1	130	1	130	1.18e-65	193
ccin-old|CC1G_01566	OG7_0002424	27.1	340	197	14	261	594	179	473	1.16e-15	78.6
ccin-old|CC1G_14173	OG7_0002436	33.0	467	273	13	72	528	14	450	1.95e-75	248
ccin-old|CC1G_00527	OG7_0002444	58.5	552	216	3	3	554	1	539	1.38e-231	647
ccin-old|CC1G_03293	OG7_0002573	35.6	466	269	9	4	458	4	449	1.27e-89	294
ccin-old|CC1G_01400	OG7_0002699	27.5	229	120	5	145	370	195	380	4.63e-16	77.8
ccin-old|CC1G_14783	OG7_0002711	32.2	332	196	5	393	697	245	574	4.63e-47	174
ccin-old|CC1G_14381	OG7_0002730	57.6	373	154	2	50	418	41	413	1.16e-144	420
ccin-old|CC1G_00359	OG7_0002919	26.9	175	94	6	1	162	76	229	1.14e-04	42.0
ccin-old|CC1G_05245	OG7_0002940	25.9	371	217	11	98	459	276	597	7.83e-31	124
ccin-old|CC1G_01388	OG7_0002961	27.1	284	154	8	419	700	321	553	2.48e-24	106
ccin-old|CC1G_01566	OG7_0003119	23.3	356	216	11	224	571	169	475	1.01e-09	59.7
ccin-old|CC1G_14381	OG7_0003210	30.7	309	205	5	110	418	58	357	2.90e-39	144
ccin-old|CC1G_14381	OG7_0003412	33.0	309	205	2	110	418	30	336	1.54e-42	157
ccin-old|CC1G_00527	OG7_0003863	26.9	521	368	5	26	542	32	543	2.12e-62	213
ccin-old|CC1G_01566	OG7_0004110	20.4	495	310	19	105	580	81	510	2.43e-06	48.9
ccin-old|CC1G_01566	OG7_0004148	24.1	212	134	6	105	303	100	297	1.44e-06	49.7
ccin-old|CC1G_05341	OG7_0005203	37.4	1051	504	17	4	1038	11	923	4.13e-88	302
ccin-old|CC1G_14381	OG7_0005240	40.3	335	186	7	95	418	240	571	2.09e-66	222
ccin-old|CC1G_00527	OG7_0005260	31.1	511	336	7	19	521	31	533	2.41e-74	244
ccin-old|CC1G_14381	OG7_0005340	35.5	330	198	4	89	418	17	331	1.74e-55	187
ccin-old|CC1G_03104	OG7_0005373	73.5	446	112	2	34	476	33	475	1.22e-250	692
ccin-old|CC1G_06541	OG7_0005383	40.8	125	74	0	4	128	160	284	9.94e-32	112
ccin-old|CC1G_12016	OG7_0005457	36.9	176	101	5	46	216	21	191	3.64e-24	100
ccin-old|CC1G_14381	OG7_0005496	44.7	351	168	6	90	418	175	521	2.31e-82	265
ccin-old|CC1G_14381	OG7_0005736	38.6	376	212	8	59	418	167	539	1.03e-68	228
ccin-old|CC1G_14381	OG7_0005745	40.6	362	200	7	70	418	138	497	6.01e-81	258
ccin-old|CC1G_13336	OG7_0005805	44.4	72	40	0	13	84	10	81	5.99e-24	84.7
ccin-old|CC1G_14381	OG7_0005858	37.6	311	185	4	109	418	20	322	8.34e-52	178
ccin-old|CC1G_14381	OG7_0006050	42.7	370	202	4	55	418	268	633	9.23e-96	306
ccin-old|CC1G_14381	OG7_0006136	30.4	339	205	13	106	418	5	338	1.24e-27	113
ccin-old|CC1G_14381	OG7_0006137	39.4	371	193	5	77	418	261	628	1.29e-75	248
ccin-old|CC1G_14381	OG7_0006244	40.8	333	186	7	95	418	148	478	2.37e-67	223
ccin-old|CC1G_14381	OG7_0006364	35.7	333	202	4	95	418	117	446	6.90e-56	191
ccin-old|CC1G_03436	OG7_0006851	24.7	223	117	7	205	392	1	207	5.77e-08	51.2
ccin-old|CC1G_14381	OG7_0006864	38.8	358	206	4	70	418	136	489	5.72e-71	233
ccin-old|CC1G_00527	OG7_0007273	34.7	536	334	9	7	534	7	534	3.70e-91	288
ccin-old|CC1G_14381	OG7_0007431	35.8	313	195	3	109	418	166	475	1.11e-40	152
ccin-old|CC1G_00527	OG7_0007495	35.2	540	333	10	3	534	4	534	2.20e-89	283
ccin-old|CC1G_02334	OG7_0007515	33.9	499	299	12	166	656	77	552	6.37e-87	281
ccin-old|CC1G_14381	OG7_0007605	58.2	368	153	1	52	418	66	433	1.13e-148	436
ccin-old|CC1G_14381	OG7_0007611	31.6	310	206	5	117	423	32	338	5.87e-40	147
ccin-old|CC1G_00527	OG7_0007974	31.2	542	354	8	7	538	8	540	3.31e-84	270
ccin-old|CC1G_14381	OG7_0008140	32.6	313	189	8	132	423	130	441	4.56e-35	135
ccin-old|CC1G_00527	OG7_0008301	31.2	552	359	8	7	547	9	550	9.71e-88	280
ccin-old|CC1G_14381	OG7_0008383	30.8	321	210	7	104	418	36	350	1.08e-33	132
ccin-old|CC1G_14381	OG7_0008416	59.7	365	144	2	55	418	54	416	1.05e-141	419
ccin-old|CC1G_14381	OG7_0008467	35.8	313	192	4	109	418	2	308	3.53e-49	172
ccin-old|CC1G_02695	OG7_0008544	45.5	644	310	9	24	652	31	648	1.67e-186	541
ccin-old|CC1G_14783	OG7_0008556	43.1	262	128	2	19	259	136	397	6.36e-63	214
ccin-old|CC1G_14381	OG7_0008630	46.0	359	181	7	70	418	152	507	7.29e-94	293
ccin-old|CC1G_00527	OG7_0008639	37.3	542	306	12	13	530	10	541	3.35e-98	307
